#-----------------------------------------------------------
# Vivado v2023.2.2 (64-bit)
# SW Build 4126759 on Thu Feb  8 23:53:51 MST 2024
# IP Build 4126054 on Fri Feb  9 11:39:09 MST 2024
# SharedData Build 4115275 on Tue Jan 30 00:40:57 MST 2024
# Start of session at: Mon May 20 22:23:06 2024
# Process ID: 10568
# Current directory: C:/Users/eren1/VivadoProjects/project_04_burak_pwm_led_01
# Command line: vivado.exe -gui_launcher_event rodinguilauncherevent1428 C:\Users\eren1\VivadoProjects\project_04_burak_pwm_led_01\project_04_burak_pwm_led_01.xpr
# Log file: C:/Users/eren1/VivadoProjects/project_04_burak_pwm_led_01/vivado.log
# Journal file: C:/Users/eren1/VivadoProjects/project_04_burak_pwm_led_01\vivado.jou
# Running On: ERENACAREL, OS: Windows, CPU Frequency: 2918 MHz, CPU Physical cores: 14, Host memory: 16898 MB
#-----------------------------------------------------------
start_gui
open_project C:/Users/eren1/VivadoProjects/project_04_burak_pwm_led_01/project_04_burak_pwm_led_01.xpr
update_compile_order -fileset sources_1
launch_simulation
source tb_pwm.tcl
run all
close_sim
